// Jest Snapshot v1, https://goo.gl/fbAQLP

exports[`Drawer should render a Drawer 1`] = `
.c0 {
  position: fixed;
  overflow-x: hidden;
  overflow-y: auto;
  -webkit-transition-property: -webkit-transform;
  -webkit-transition-property: transform;
  transition-property: transform;
  -webkit-transition-duration: .2s;
  transition-duration: .2s;
  -webkit-transition-timing-function: ease-out;
  transition-timing-function: ease-out;
  width: 320px;
  top: 0;
  bottom: 0;
  left: 0;
  -webkit-transform: translateX(-100%);
  -ms-transform: translateX(-100%);
  transform: translateX(-100%);
}

<div
  className="c0"
/>
`;
