// Jest Snapshot v1, https://goo.gl/fbAQLP

exports[`Input should render a Input 1`] = `
.c0 {
  box-shadow: none;
  border: 2px solid #bababa;
  border-radius: 0;
  min-height: 30px;
  padding-left: 8px;
  padding-right: 8px;
  background: #ffffff;
  color: #4c4c4c;
  opacity: 1;
}

.c0::-webkit-input-placeholder {
  color: #4c4c4c;
  opacity: 0.54;
}

.c0::-moz-placeholder {
  color: #4c4c4c;
  opacity: 0.54;
}

.c0:-ms-input-placeholder {
  color: #4c4c4c;
  opacity: 0.54;
}

.c0::placeholder {
  color: #4c4c4c;
  opacity: 0.54;
}

<input
  className="c0"
/>
`;
