// Jest Snapshot v1, https://goo.gl/fbAQLP

exports[`Loader should be primary by default 1`] = `
.c0 {
  position: relative;
  width: 100px;
}

.c0:before {
  content: '';
  display: block;
  padding-top: 100%;
}

.c0 > svg {
  -webkit-animation: cZxgpV 2s linear infinite;
  animation: cZxgpV 2s linear infinite;
  height: 100%;
  -webkit-transform-origin: center center;
  -ms-transform-origin: center center;
  transform-origin: center center;
  width: 100%;
  position: absolute;
  top: 0;
  bottom: 0;
  left: 0;
  right: 0;
  margin: auto;
}

.c0 > svg > circle {
  -webkit-animation: btAoCZ 1.5s ease-in-out infinite;
  animation: btAoCZ 1.5s ease-in-out infinite;
  stroke: #1a5a99;
  stroke-width: 4;
  stroke-dasharray: 1,200;
  stroke-dashoffset: 0;
  stroke-linecap: round;
}

<div
  className="c0"
>
  <svg
    viewBox="25 25 50 50"
  >
    <circle
      cx="50"
      cy="50"
      fill="none"
      r="20"
      strokeMiterlimit="10"
    />
  </svg>
</div>
`;
