// Jest Snapshot v1, https://goo.gl/fbAQLP

exports[`Message should render a Message 1`] = `
.c0 {
  display: -webkit-box;
  display: -webkit-flex;
  display: -ms-flexbox;
  display: flex;
  -webkit-align-items: center;
  -webkit-box-align: center;
  -ms-flex-align: center;
  align-items: center;
  min-height: 32px;
  padding-left: 16px;
  padding-right: 16px;
  padding-top: 8px;
  padding-bottom: 8px;
  background: #ffffff;
  color: #4c4c4c;
}

<div
  className="c0"
/>
`;
