// Jest Snapshot v1, https://goo.gl/fbAQLP

exports[`Toolbar should render a Toolbar 1`] = `
.c0 {
  display: -webkit-box;
  display: -webkit-flex;
  display: -ms-flexbox;
  display: flex;
  min-height: 48px;
  -webkit-align-items: center;
  -webkit-box-align: center;
  -ms-flex-align: center;
  align-items: center;
  padding-left: 8px;
  padding-right: 8px;
  background: #ffffff;
}

<div
  className="c0"
/>
`;
