// Jest Snapshot v1, https://goo.gl/fbAQLP

exports[`Truncate should render a Truncate 1`] = `
.gQUhQu {
  font-size: 12px;
  font-family: sans-serif;
  font-weight: 300;
  line-height: 18px;
  padding: 22px;
  margin: 0;
  color: #999;
  overflow: hidden;
  white-space: nowrap;
  -webkit-text-overflow: ellipsis;
  text-overflow: ellipsis;
}

<p
  className="sc-bwzfXH gQUhQu"
/>
`;
